// Jest Snapshot v1, https://goo.gl/fbAQLP

exports[`NewPasswordPage component Testing dumb new password page component Should render without errors 1`] = `
<withTheme(Pane)
  data-test="newPasswordPageComponent"
  marginY={100}
>
  <withTheme(Pane)
    elevation={1}
    justifyContent="center"
    margin="auto"
    padding={5}
    width="35%"
  >
    <withTheme(Heading)
      marginBottom={20}
      paddingTop={20}
      size={700}
      textAlign="center"
    >
      Reset Password
    </withTheme(Heading)>
    <withTheme(Paragraph)
      marginLeft="20%"
      marginTop={20}
      size={300}
      width="60%"
    >
      Your current password has expired. Please create a new password.
    </withTheme(Paragraph)>
    <withTheme(Pane)
      position="relative"
    >
      <withTheme(Pane)
        marginLeft="75%"
        position="absolute"
        width="10%"
      >
        <withTheme(Icon)
          cursor="pointer"
          icon="eye-off"
          marginX={-10}
          marginY={32}
          onMouseDown={[Function]}
          onMouseUp={[Function]}
        />
      </withTheme(Pane)>
      <TextInputField
        inputHeight={32}
        inputWidth="100%"
        label="Enter New Password"
        marginBottom={10}
        marginLeft="20%"
        marginTop={10}
        name="text-input-password"
        onBlur={[Function]}
        onChange={[Function]}
        placeholder="New Password"
        type="password"
        value=""
        width="60%"
      />
    </withTheme(Pane)>
    <withTheme(Pane)
      marginTop={0}
      paddingTop={0}
      position="relative"
    >
      <withTheme(Pane)
        marginLeft="75%"
        position="absolute"
        width="10%"
      >
        <withTheme(Icon)
          cursor="pointer"
          icon="eye-off"
          marginX={-10}
          marginY={32}
          onMouseDown={[Function]}
          onMouseUp={[Function]}
        />
      </withTheme(Pane)>
      <TextInputField
        inputHeight={32}
        inputWidth="100%"
        label="Confirm Password"
        marginBottom={10}
        marginLeft="20%"
        marginTop={10}
        name="text-input-confirm-password"
        onBlur={[Function]}
        onChange={[Function]}
        placeholder="Confirm Password"
        type="password"
        value=""
        width="60%"
      />
    </withTheme(Pane)>
    <withTheme(Button)
      appearance="primary"
      intent="none"
      justifyContent="center"
      marginBottom={10}
      marginLeft="30%"
      marginTop={20}
      onClick={[Function]}
      width="40%"
    >
      Change Password
    </withTheme(Button)>
  </withTheme(Pane)>
</withTheme(Pane)>
`;
